#
# There is insufficient memory for the Java Runtime Environment to continue.
# Native memory allocation (mmap) failed to map 536870912 bytes. Error detail: G1 virtual space
# Possible reasons:
#   The system is out of physical RAM or swap space
#   This process is running with CompressedOops enabled, and the Java Heap may be blocking the growth of the native heap
# Possible solutions:
#   Reduce memory load on the system
#   Increase physical memory or swap space
#   Check if swap backing store is full
#   Decrease Java heap size (-Xmx/-Xms)
#   Decrease number of Java threads
#   Decrease Java thread stack sizes (-Xss)
#   Set larger code cache with -XX:ReservedCodeCacheSize=
#   JVM is running with Zero Based Compressed Oops mode in which the Java heap is
#     placed in the first 32GB address space. The Java Heap base address is the
#     maximum limit for the native heap growth. Please use -XX:HeapBaseMinAddress
#     to set the Java Heap base and to place the Java Heap above 32GB virtual address.
# This output file may be truncated or incomplete.
#
#  Out of Memory Error (os_windows.cpp:3766), pid=43876, tid=51904
#
# JRE version:  (25.0.2+1) (build )
# Java VM: OpenJDK 64-Bit Server VM (25.0.2+1-b329.117, mixed mode, sharing, tiered, compressed oops, compressed class ptrs, g1 gc, windows-amd64)
# No core dump will be written. Minidumps are not enabled by default on client versions of Windows
#

---------------  S U M M A R Y ------------

Command Line: git4idea.http.GitAskPassApp Username for 'https://github.com': 

Host: 12th Gen Intel(R) Core(TM) i7-12700K, 20 cores, 31G,  Windows 11 , 64 bit Build 26100 (10.0.26100.9168)
Time: Fri Aug 21 21:49:46 2026 elapsed time: 2.033899 seconds (0d 0h 0m 2s)

---------------  T H R E A D  ---------------

Current thread (0x0000024f57bc1870):  JavaThread "Unknown thread" [_thread_in_vm, id=51904, stack(0x0000007996800000,0x0000007996900000) (1024K)]

Stack: [0x0000007996800000,0x0000007996900000]
Native frames: (J=compiled Java code, j=interpreted, Vv=VM code, C=native code)
V  [jvm.dll+0x7c0cc9]  (no source info available)
V  [jvm.dll+0x78a49d]  (no source info available)
V  [jvm.dll+0xa0e693]  (no source info available)
V  [jvm.dll+0xa10e8c]  (no source info available)
V  [jvm.dll+0xa11583]  (no source info available)
V  [jvm.dll+0x307b46]  (no source info available)
V  [jvm.dll+0x7bced5]  (no source info available)
V  [jvm.dll+0x7afe97]  (no source info available)
V  [jvm.dll+0x40159e]  (no source info available)
V  [jvm.dll+0x4093bb]  (no source info available)
V  [jvm.dll+0x3f5bf9]  (no source info available)
V  [jvm.dll+0x3f5eab]  (no source info available)
V  [jvm.dll+0x3cc053]  (no source info available)
V  [jvm.dll+0x3cccbe]  (no source info available)
V  [jvm.dll+0x9d4a07]  (no source info available)
V  [jvm.dll+0x466ce2]  (no source info available)
V  [jvm.dll+0x9b8139]  (no source info available)
V  [jvm.dll+0x508a01]  (no source info available)
V  [jvm.dll+0x50a371]  (no source info available)
C  [jli.dll+0x541a]  (no source info available)
C  [ucrtbase.dll+0x2cd30]  (no source info available)
C  [KERNEL32.DLL+0x2ccb7]  (no source info available)
C  [ntdll.dll+0xaad6c]  (no source info available)

Lock stack of current Java thread (top to bottom):


---------------  P R O C E S S  ---------------

Threads class SMR info:
_java_thread_list=0x00007ffc5cce9108, length=0, elements={
}

Java Threads: ( => current thread )
Total: 0

Other Threads:
  0x0000024f5a18faa0 WorkerThread "GC Thread#0"                     [id=51900, stack(0x0000007996900000,0x0000007996a00000) (1024K)]
  0x0000024f77fac020 ConcurrentGCThread "G1 Main Marker"            [id=40512, stack(0x0000007996a00000,0x0000007996b00000) (1024K)]
  0x0000024f5a19e900 WorkerThread "G1 Conc#0"                       [id=45936, stack(0x0000007996b00000,0x0000007996c00000) (1024K)]

[error occurred during error reporting (printing all threads), id 0xc0000005, EXCEPTION_ACCESS_VIOLATION (0xc0000005) at pc=0x00007ffc5c300caa]
VM state: not at safepoint (not fully initialized)

VM Mutex/Monitor currently owned by a thread:  ([mutex/lock_event])
[0x00007ffc5cd71d10] Heap_lock - owner thread: 0x0000024f57bc1870

Heap address: 0x0000000603800000, size: 8136 MB, Compressed Oops mode: Zero based, Oop shift amount: 3

CDS archive(s) mapped at: [0x0000000000000000-0x0000000000000000-0x0000000000000000), size 0, SharedBaseAddress: 0x0000000800000000, ArchiveRelocationMode: 1.
UseCompressedClassPointers 1, UseCompactObjectHeaders 0
Narrow klass pointer bits 32, Max shift 3
Narrow klass base: 0xffffffffffffffff, Narrow klass shift: -1
Encoding Range: [0xffffffffffffffff - 0x000000007fffffff), (2147483648 bytes)
Klass Range:    [0x0000000000000000 - 0x0000000000000000), (0 bytes)
Klass ID Range:  [4294967295 - 0) (1)
No protection zone.

GC Precious Log:
 CardTable entry size: 512
 Card Set container configuration: InlinePtr #cards 4 size 8 Array Of Cards #cards 32 size 80 Howl #buckets 8 coarsen threshold 7372 Howl Bitmap #cards 1024 size 144 coarsen threshold 921 Card regions per heap region 1 cards per card region 8192

Heap:
 garbage-first heap   total reserved 8331264K, committed 0K, used 0K [0x0000000603800000, 0x0000000800000000)
  region size 4096K, 0 young (0K), 0 survivors (0K)

Heap Regions: E=young(eden), S=young(survivor), O=old, HS=humongous(starts), HC=humongous(continues), CS=collection set, F=free, TAMS=top-at-mark-start, PB=parsable bottom

Card table byte_map: [0x0000024f6ef80000,0x0000024f6ff70000] _byte_map_base: 0x0000024f6bf64000

Marking Bits: (CMBitMap*) 0x0000024f5a190230
 Bits: [0x0000024f6ff70000, 0x0000024f77e90000)

GC Heap Usage History (0 events):
No events

Metaspace Usage History (0 events):
No events

Dll operation events (1 events):
Event: 0.007 Loaded shared library C:\Users\b1187\AppData\Local\Programs\JetBrains Rider 2026.1.1\jbr\bin\java.dll

Deoptimization events (0 events):
No events

Classes loaded (0 events):
No events

Classes unloaded (0 events):
No events

Classes redefined (0 events):
No events

Internal exceptions (0 events):
No events

VM Operations (0 events):
No events

Memory protections (0 events):
No events

Nmethod flushes (0 events):
No events

Events (0 events):
No events


Dynamic libraries:
0x00007ff640630000 - 0x00007ff64063a000 	C:\Users\b1187\AppData\Local\Programs\JetBrains Rider 2026.1.1\jbr\bin\java.exe
0x00007ffd79780000 - 0x00007ffd799e6000 	C:\WINDOWS\SYSTEM32\ntdll.dll
0x00007ffd3ae50000 - 0x00007ffd3ae71000 	C:\Program Files\Avast Software\Avast\aswhook.dll
0x00007ffd782f0000 - 0x00007ffd783b9000 	C:\WINDOWS\System32\KERNEL32.DLL
0x00007ffd76ff0000 - 0x00007ffd773ef000 	C:\WINDOWS\System32\KERNELBASE.dll
0x00007ffd76af0000 - 0x00007ffd76c3c000 	C:\WINDOWS\System32\ucrtbase.dll
0x00007ffd400c0000 - 0x00007ffd400de000 	C:\Users\b1187\AppData\Local\Programs\JetBrains Rider 2026.1.1\jbr\bin\VCRUNTIME140.dll
0x00007ffce8760000 - 0x00007ffce8777000 	C:\Users\b1187\AppData\Local\Programs\JetBrains Rider 2026.1.1\jbr\bin\jli.dll
0x00007ffd78f10000 - 0x00007ffd790d6000 	C:\WINDOWS\System32\USER32.dll
0x00007ffd76990000 - 0x00007ffd769b7000 	C:\WINDOWS\System32\win32u.dll
0x00007ffd55320000 - 0x00007ffd555b1000 	C:\WINDOWS\WinSxS\amd64_microsoft.windows.common-controls_6595b64144ccf1df_6.0.26100.8972_none_3e0da176e32f9d4b\COMCTL32.dll
0x00007ffd781a0000 - 0x00007ffd781cb000 	C:\WINDOWS\System32\GDI32.dll
0x00007ffd77d50000 - 0x00007ffd77df9000 	C:\WINDOWS\System32\msvcrt.dll
0x00007ffd769c0000 - 0x00007ffd76ae9000 	C:\WINDOWS\System32\gdi32full.dll
0x00007ffd77400000 - 0x00007ffd774a3000 	C:\WINDOWS\System32\msvcp_win.dll
0x00007ffd786b0000 - 0x00007ffd786e2000 	C:\WINDOWS\System32\IMM32.DLL
0x00007ffd4c2c0000 - 0x00007ffd4c2cc000 	C:\Users\b1187\AppData\Local\Programs\JetBrains Rider 2026.1.1\jbr\bin\vcruntime140_1.dll
0x00007ffcf6ba0000 - 0x00007ffcf6c29000 	C:\Users\b1187\AppData\Local\Programs\JetBrains Rider 2026.1.1\jbr\bin\msvcp140.dll
0x00007ffc5bf20000 - 0x00007ffc5ce72000 	C:\Users\b1187\AppData\Local\Programs\JetBrains Rider 2026.1.1\jbr\bin\server\jvm.dll
0x00007ffd78220000 - 0x00007ffd782dc000 	C:\WINDOWS\System32\ADVAPI32.dll
0x00007ffd78500000 - 0x00007ffd785aa000 	C:\WINDOWS\System32\sechost.dll
0x00007ffd794f0000 - 0x00007ffd79608000 	C:\WINDOWS\System32\RPCRT4.dll
0x00007ffd786f0000 - 0x00007ffd78772000 	C:\WINDOWS\System32\WS2_32.dll
0x00007ffd76390000 - 0x00007ffd763ee000 	C:\WINDOWS\SYSTEM32\POWRPROF.dll
0x00007ffd70010000 - 0x00007ffd7001b000 	C:\WINDOWS\SYSTEM32\VERSION.dll
0x00007ffd688a0000 - 0x00007ffd688d6000 	C:\WINDOWS\SYSTEM32\WINMM.dll
0x00007ffd76330000 - 0x00007ffd76345000 	C:\WINDOWS\SYSTEM32\UMPDC.dll
0x00007ffd75650000 - 0x00007ffd7566b000 	C:\WINDOWS\SYSTEM32\kernel.appcore.dll
0x00007ffd3ee20000 - 0x00007ffd3ee2a000 	C:\Users\b1187\AppData\Local\Programs\JetBrains Rider 2026.1.1\jbr\bin\jimage.dll
0x00007ffd68540000 - 0x00007ffd68782000 	C:\WINDOWS\SYSTEM32\DBGHELP.DLL
0x00007ffd79140000 - 0x00007ffd794c5000 	C:\WINDOWS\System32\combase.dll
0x00007ffd77e00000 - 0x00007ffd77ed9000 	C:\WINDOWS\System32\OLEAUT32.dll
0x00007ffd68500000 - 0x00007ffd6853b000 	C:\WINDOWS\SYSTEM32\dbgcore.DLL
0x00007ffd76ea0000 - 0x00007ffd76f4c000 	C:\WINDOWS\System32\bcryptPrimitives.dll
0x00007ffd3ee00000 - 0x00007ffd3ee1f000 	C:\Users\b1187\AppData\Local\Programs\JetBrains Rider 2026.1.1\jbr\bin\java.dll
0x00007ffd77940000 - 0x00007ffd77ad9000 	C:\WINDOWS\System32\ole32.dll
0x00007ffd78780000 - 0x00007ffd78f08000 	C:\WINDOWS\System32\SHELL32.dll

JVMTI agents: none

dbghelp: loaded successfully - version: 4.0.5 - missing functions: none
symbol engine: initialized successfully - sym options: 0x614 - pdb path: .;C:\Users\b1187\AppData\Local\Programs\JetBrains Rider 2026.1.1\jbr\bin;C:\WINDOWS\SYSTEM32;C:\Program Files\Avast Software\Avast;C:\WINDOWS\WinSxS\amd64_microsoft.windows.common-controls_6595b64144ccf1df_6.0.26100.8972_none_3e0da176e32f9d4b;C:\Users\b1187\AppData\Local\Programs\JetBrains Rider 2026.1.1\jbr\bin\server

VM Arguments:
java_command: git4idea.http.GitAskPassApp Username for 'https://github.com': 
java_class_path (initial): C:/Users/b1187/AppData/Local/Programs/JetBrains Rider 2026.1.1/plugins/vcs-git/lib/git4idea-rt.jar;C:/Users/b1187/AppData/Local/Programs/JetBrains Rider 2026.1.1/lib/externalProcess-rt.jar
Launcher Type: SUN_STANDARD

[Global flags]
     intx CICompilerCount                          = 12                                        {product} {ergonomic}
     uint ConcGCThreads                            = 4                                         {product} {ergonomic}
     uint G1ConcRefinementThreads                  = 15                                        {product} {ergonomic}
   size_t G1HeapRegionSize                         = 4194304                                   {product} {ergonomic}
   size_t InitialHeapSize                          = 536870912                                 {product} {ergonomic}
   size_t MarkStackSize                            = 4194304                                   {product} {ergonomic}
   size_t MarkStackSizeMax                         = 536870912                                 {product} {ergonomic}
   size_t MaxHeapSize                              = 8531214336                                {product} {ergonomic}
   size_t MinHeapDeltaBytes                        = 4194304                                   {product} {ergonomic}
   size_t MinHeapSize                              = 8388608                                   {product} {ergonomic}
    uintx NonNMethodCodeHeapSize                   = 7602176                                {pd product} {ergonomic}
    uintx NonProfiledCodeHeapSize                  = 122093568                              {pd product} {ergonomic}
    uintx ProfiledCodeHeapSize                     = 121962496                              {pd product} {ergonomic}
    uintx ReservedCodeCacheSize                    = 251658240                              {pd product} {ergonomic}
     bool SegmentedCodeCache                       = true                                      {product} {ergonomic}
   size_t SoftMaxHeapSize                          = 8531214336                             {manageable} {ergonomic}
     bool UseCompressedOops                        = true                           {product lp64_product} {ergonomic}
     bool UseG1GC                                  = true                                      {product} {ergonomic}
     bool UseLargePagesIndividualAllocation        = false                                  {pd product} {ergonomic}

Logging:
Log output configuration:
 #0: stdout all=warning uptime,level,tags foldmultilines=false
 #1: stderr all=off uptime,level,tags foldmultilines=false

Release file:
<release file has not been read>
Environment Variables:
PATH=C:/Program Files/Git/mingw64/libexec/git-core;C:/Program Files/Git/mingw64/libexec/git-core;C:\Program Files\Git\mingw64\bin;C:\Program Files\Git\usr\bin;C:\Users\b1187\bin;C:\Program Files (x86)\Common Files\Oracle\Java\javapath;C:\WINDOWS\system32;C:\WINDOWS;C:\WINDOWS\System32\Wbem;C:\WINDOWS\System32\WindowsPowerShell\v1.0\;C:\WINDOWS\System32\OpenSSH\;C:\Program Files (x86)\NVIDIA Corporation\PhysX\Common;C:\Program Files\NVIDIA Corporation\NVIDIA app\NvDLISR;C:\Program Files\dotnet\;C:\Program Files\Microsoft SQL Server\170\Tools\Binn\;C:\Program Files\Git\cmd;C:\Users\b1187\AppData\Local\Microsoft\WindowsApps;C:\Users\b1187\AppData\Roaming\Programs\Zero Install;C:\Users\b1187\AppData\Local\Microsoft\WindowsApps;C:\Users\b1187\.dotnet\tools;C:\Users\b1187\AppData\Local\GitHubDesktop\bin;C:\ProgramData\b1187\GitHubDesktop\bin
USERNAME=b1187
DISPLAY=:0.0
LC_ALL=en_US.UTF-8
TERM=xterm-256color
TMPDIR=C:\Users\b1187\AppData\Local\Temp
OS=Windows_NT
PROCESSOR_IDENTIFIER=Intel64 Family 6 Model 151 Stepping 2, GenuineIntel
TMP=C:\Users\b1187\AppData\Local\Temp
TEMP=C:\Users\b1187\AppData\Local\Temp




Compilation memory statistics disabled.

Periodic native trim disabled

JNI global refs:
JNI global refs: 0, weak refs: 0

JNI global refs memory usage: 0, weak refs: 0

Process memory usage:
Resident Set Size: 15692K (0% of 33313072K total physical memory with 1945140K free physical memory)

OOME stack traces (most recent first):
Classloader memory used:

---------------  S Y S T E M  ---------------

OS:
 Windows 11 , 64 bit Build 26100 (10.0.26100.9168)
OS uptime: 2 days 5:13 hours
Hyper-V role detected

CPU: total 20 (initial active 20) (10 cores per cpu, 2 threads per core) family 6 model 151 stepping 2 microcode 0x32, cx8, cmov, fxsr, ht, mmx, 3dnowpref, sse, sse2, sse3, ssse3, sse4.1, sse4.2, popcnt, lzcnt, tsc, tscinvbit, avx, avx2, aes, erms, clmul, bmi1, bmi2, adx, sha, fma, vzeroupper, clflush, clflushopt, clwb, hv, serialize, rdtscp, rdpid, fsrm, gfni, f16c, cet_ibt, cet_ss
Processor Information for the first 20 processors :
  Max Mhz: 3600, Current Mhz: 3600, Mhz Limit: 3600

Memory: 4k page, system-wide physical 32532M (1899M free)
TotalPageFile size 83669M (AvailPageFile size 543M)
current process WorkingSet (physical memory assigned to process): 15M, peak: 15M
current process commit charge ("private bytes"): 76M, peak: 588M

vm_info: OpenJDK 64-Bit Server VM (25.0.2+1-b329.117) for windows-amd64 JRE (25.0.2+1-b329.117), built on 2026-04-20 with MS VC++ 17.14 (VS2022)

END.
